TMPDIR=. TMP=. TEMP=. /usr/bin/make "LUA_A=liblxclua.a" "LUA_T=lxclua.exe" \
"AR=ar rcu" "RANLIB=ranlib" \
"SYSCFLAGS=-DLUA_COMPAT_MATHLIB -DLUA_COMPAT_MAXN -DLUA_COMPAT_MODULE -DGUI_PLATFORM_WINDOWS -D_UNICODE -DUNICODE" "SYSLIBS=-lwininet -lws2_32 -lpsapi -lpthread -lcomctl32 -lshell32 -lcomdlg32 -lole32 -luuid -lgdi32 -lsecur32 -lcrypt32" "SYSLDFLAGS=-s -Wl,--stack,16777216" \
"MYOBJS=" lxclua.exe
make[1]: Entering directory '/e/Soft/Proje/LXCLUA-NCore/lua'
make[1]: 'lxclua.exe' is up to date.
make[1]: Leaving directory '/e/Soft/Proje/LXCLUA-NCore/lua'
TMPDIR=. TMP=. TEMP=. /usr/bin/make "LUA_A=liblxclua.a" "LUAC_T=luac.exe" \
"AR=ar rcu" "RANLIB=ranlib" \
"SYSCFLAGS=-DLUA_COMPAT_MATHLIB -DLUA_COMPAT_MAXN -DLUA_COMPAT_MODULE" "SYSLIBS=-lwininet -lws2_32 -lpsapi -lpthread -lsecur32 -lcrypt32" "SYSLDFLAGS=-s" \
luac.exe
make[1]: Entering directory '/e/Soft/Proje/LXCLUA-NCore/lua'
make[1]: 'luac.exe' is up to date.
make[1]: Leaving directory '/e/Soft/Proje/LXCLUA-NCore/lua'
TMPDIR=. TMP=. TEMP=. /usr/bin/make "LUACCHECK_T=luaccheck.exe" "SYSLDFLAGS=-s -mconsole" "SYSLIBS=-lwininet -lws2_32 -lpsapi -lpthread -lsecur32 -lcrypt32" luaccheck.exe
make[1]: Entering directory '/e/Soft/Proje/LXCLUA-NCore/lua'
make[1]: 'luaccheck.exe' is up to date.
make[1]: Leaving directory '/e/Soft/Proje/LXCLUA-NCore/lua'
gcc -std=gnu11 -pipe -shared -o lxclua.dll -Wl,--export-all-symbols -Wl,--allow-multiple-definition -Wl,--whole-archive liblxclua.a -Wl,--no-whole-archive wasmtime/wasmtime-v45.0.1-x86_64-mingw-c-api/lib/libwasmtime.a -lbcrypt -luserenv -lole32 -lntdll -lwininet -lws2_32 -lpsapi -lpthread -lcomctl32 -lshell32 -lcomdlg32 -lole32 -luuid -lgdi32 -lsecur32 -lcrypt32 -lm
TMPDIR=. TMP=. TEMP=. /usr/bin/make "LSP_SRV_T=lxclua-lsp.exe" "SYSLDFLAGS=-s" "SYSLIBS=" lxclua-lsp.exe
make[1]: Entering directory '/e/Soft/Proje/LXCLUA-NCore/lua'
make[1]: 'lxclua-lsp.exe' is up to date.
make[1]: Leaving directory '/e/Soft/Proje/LXCLUA-NCore/lua'
